stephen@stephen:~$ irb
irb(main):001:0> puts "Hello World"
Hello World
=> nil
irb(main):002:0> name = "Stephen"
=> "Stephen"
irb(main):003:0> puts name.reverse
nehpetS
=> nil
irb(main):004:0> print name.reverse.upcaps
NoMethodError: undefined method `upcaps' for "nehpetS":String
Did you mean?  upcase
	from (irb):4
	from /usr/bin/irb:11:in `<main>'
irb(main):005:0> print name.reverse.upcase
NEHPETS=> nil
irb(main):006:0> my_num = 3
=> 3
irb(main):007:0> puts my_num * 3
9
=> nil
irb(main):008:0> my_other_num = 5
=> 5
irb(main):009:0> print my_num + my_other_num
8=> nil
irb(main):010:0> 


codecademy input & formatting program

print "What's your first name?"
first_name = gets.chomp
first_name.capitalize!

print "What's your last name?"
last_name = gets.chomp
last_name.capitalize!

print "What city are you from?"
city = gets.chomp
city.capitalize!

print "What is your state?"
state = gets.chomp
state.upcase!

puts "Your name is #{first_name} #{last_name} and you are from #{city}, #{state}"


codecademy
if test

print "Choose a number..."
num_num = gets.chomp

if num_num < "5"
    puts "Woooo low 5"
elsif num_num > "5"
    puts "Woooo high 5"
else "Wooooooo bang on 5"
end

codecademy control flow

puts "What ya wanna say?"
user_input = gets.chomp
user_input.downcase!

if user_input.include? "s"
    user_input.gsub!(/s/, "th")
else print "No s! No s!"
end

puts "Well whad d'ya mean '#{user_input}'?!"
